Running build hooks...Running build hooks...Testing Gemini API with key: AIzaSyAJdmHv1nlTq1OIhXN_QFO5B_KhIj5RAtA
ERROR: Failed to connect to Gemini API: models/gemini-1.5-flash is not found for API version v1beta, or is not supported for generateContent. Call ListModels to see the list of available models and their supported methods.
